// Jest Snapshot v1, https://goo.gl/fbAQLP

exports[`Snapshot for Details 1`] = `
<h1>
  Loading...
</h1>
`;
